// Jest Snapshot v1, https://goo.gl/fbAQLP

exports[`ResizeGuides renders while segment is resizing 1`] = `
<DocumentFragment>
  <div
    class="resize-guides"
    style="left: 75px;"
  />
</DocumentFragment>
`;
