// Jest Snapshot v1, https://goo.gl/fbAQLP

exports[` 1`] = `
{
  "repeat": "ground--concrete",
  "scatter": {
    "maxSpacing": 5,
    "minSpacing": 0,
    "padding": 2,
    "pool": "people",
  },
}
`;
