// Vitest Snapshot v1, https://vitest.dev/guide/snapshot.html

exports[`DebugHoverPolygon > renders if enabled 1`] = `
<DocumentFragment>
  <div
    class="debug-hover-polygon"
  >
    <canvas
      height="768"
      width="1024"
    />
  </div>
</DocumentFragment>
`;
