// Jest Snapshot v1, https://goo.gl/fbAQLP

exports[`PaletteTrashcan renders when visible 1`] = `
<DocumentFragment>
  <div
    class="palette-trashcan"
  >
    Drag here to remove
  </div>
</DocumentFragment>
`;
