// Vitest Snapshot v1, https://vitest.dev/guide/snapshot.html

exports[`StreetMeta > renders without crashing 1`] = `
<DocumentFragment>
  <div
    class="street-meta"
  >
    <div
      class="street-meta-item street-width street-width-editable"
    >
      <button>
        <div
          class="street-meta-icon"
        >
          <svg />
        </div>
        <div
          class="street-meta-content"
        >
          <span
            class="underline"
          >
            0 m width
          </span>
          <svg
            class="menu-carat-down"
          />
        </div>
      </button>
    </div>
    <div
      class="street-meta-item"
    >
      <button>
        <div
          class="street-meta-icon"
        >
          <svg />
        </div>
        <div
          class="street-meta-content"
        >
          <span
            class="underline"
          >
            Add location
          </span>
        </div>
      </button>
    </div>
  </div>
</DocumentFragment>
`;
