// Vitest Snapshot v1, https://vitest.dev/guide/snapshot.html

exports[`Segment > renders correctly 1`] = `
<DocumentFragment>
  <div
    class="segment hover show-drag-handles"
    data-slice-index="0"
    data-testid="segment"
    style="width: 196.8503937007874px; z-index: 15; transform: translateX(0px);"
  >
    <div
      class="segment-label-container"
    >
      <div
        class="segment-grid units-metric"
      />
      <div
        class="segment-width"
      >
        <span>
          5 m
        </span>
      </div>
      <div
        class="segment-label"
      >
        <p
          class="segment-name"
        >
          Streetcar
        </p>
        <p
          class="segment-capacity"
        >
          18,000 people/hr
        </p>
      </div>
    </div>
    <span
      class="drag-handle drag-handle-left"
    >
      <svg
        data-icon="chevron-left"
        data-icon-source="test"
      />
    </span>
    <span
      class="drag-handle drag-handle-right"
    >
      <svg
        data-icon="chevron-right"
        data-icon-source="test"
      />
    </span>
    <div
      class="segment-canvas-container"
    >
      <div
        style="width: 100%; height: 100%;"
      >
        <canvas
          class="segment-image"
          height="445"
          style="width: 197px; height: 445px; left: 0px;"
          width="197"
        />
      </div>
    </div>
    <div
      class="hover-bk"
    />
    <img
      alt=""
      src="data:image/gif;base64,R0lGODlhAQABAAAAACH5BAEKAAEALAAAAAABAAEAAAICTAEAOw=="
      style="display: none;"
    />
  </div>
</DocumentFragment>
`;
