// Jest Snapshot v1, https://goo.gl/fbAQLP

exports[`PaletteContainer renders 1`] = `
<DocumentFragment>
  <div
    class="palette-container"
  >
    <div
      class="palette-commands palette-commands-left"
    >
      <button
        title="Environment editor"
      >
        <svg
          class="octicon"
        />
      </button>
    </div>
    <div
      class="palette-items-scrollable-container"
    >
      <button
        class="scrollable scroll-left"
        hidden="true"
        style="left: -15px; opacity: 0; pointer-events: none;"
        tabindex="-1"
      >
        <svg
          class="svg-inline--fa fa-chevron-left"
        />
      </button>
      <div
        class="palette-items"
      >
        <ul>
          <li
            class="segment segment-in-palette"
          >
            <div
              tabindex="0"
            >
              <img
                class="segment-image"
              />
            </div>
          </li>
          <li
            class="segment segment-in-palette segment-disabled"
          >
            <div
              tabindex="0"
            >
              <img
                class="segment-image"
              />
            </div>
            <svg
              class="svg-inline--fa fa-lock"
            />
          </li>
        </ul>
      </div>
      <button
        class="scrollable scroll-right"
        hidden="true"
        style="right: -15px; opacity: 0; pointer-events: none;"
        tabindex="-1"
      >
        <svg
          class="svg-inline--fa fa-chevron-right"
        />
      </button>
    </div>
    <div
      class="palette-commands palette-commands-right"
    >
      <button
        disabled=""
        title="Undo"
      >
        <svg
          class="svg-inline--fa fa-undo"
        />
      </button>
      <button
        disabled=""
        title="Redo"
      >
        <svg
          class="svg-inline--fa fa-redo"
        />
      </button>
    </div>
    <div
      class="palette-trashcan"
      hidden=""
    >
      Drag here to remove
    </div>
  </div>
</DocumentFragment>
`;
