// Vitest Snapshot v1, https://vitest.dev/guide/snapshot.html

exports[`SkyBox > renders 1`] = `
<DocumentFragment>
  <section
    class="street-section-sky"
  >
    <div
      class="sky-background"
    >
      <div
        class="sky-background-color"
        style="opacity: 0;"
      />
    </div>
    <div
      class="rear-clouds"
      style="opacity: 0.85;"
    />
    <div
      class="front-clouds"
      style="opacity: 0.85;"
    />
    <div
      class="sky-foreground"
      style="opacity: 0;"
    />
  </section>
</DocumentFragment>
`;

exports[`SkyBox > renders with objects 1`] = `
<DocumentFragment>
  <section
    class="street-section-sky"
  >
    <div
      class="sky-background"
    >
      <div
        class="sky-background-color"
        style="opacity: 0;"
      />
    </div>
    <div
      style="width: 100px; height: 100px; position: absolute; left: calc(50% - (100px / 2); top: calc(50% - (100px / 2);"
    >
      <img
        src="bar.svg"
        style="width: 100%; height: 100%;"
      />
    </div>
    <div
      class="rear-clouds"
      style="opacity: 0.85;"
    />
    <div
      class="front-clouds"
      style="opacity: 0.85;"
    />
    <div
      class="sky-foreground"
      style="opacity: 0;"
    />
  </section>
</DocumentFragment>
`;
