// Jest Snapshot v1, https://goo.gl/fbAQLP

exports[`StreetMetaWidthContainer renders 1`] = `
<DocumentFragment>
  <span
    class="street-metadata-width"
  >
    <span
      class="street-width street-width-editable"
    >
      <svg />
      0 m width
      <svg
        class="menu-carat-down"
      />
    </span>
  </span>
</DocumentFragment>
`;

exports[`StreetMetaWidthContainer renders selection dropdown on click 1`] = `
<DocumentFragment>
  <span
    class="street-metadata-width"
  >
    <select
      aria-describedby="tippy-3"
      class="street-width-select"
    >
      <option
        disabled=""
      >
        Occupied width:
      </option>
      <option
        disabled=""
      >
        0 m
      </option>
      <option
        disabled=""
      />
      <option
        disabled=""
      >
        Building-to-building width:
      </option>
      <option
        value="40"
      >
        12 m
      </option>
      <option
        value="60"
      >
        18 m
      </option>
      <option
        value="80"
      >
        24 m
      </option>
      <option
        disabled=""
      />
      <option>
        0 m
      </option>
      <option
        value="-1"
      >
        Different widthâ€¦
      </option>
      <option
        disabled=""
      />
      <option
        id="switch-to-imperial-units"
        value="-3"
      >
        Switch to imperial units (feet)
      </option>
      <option
        id="switch-to-metric-units"
        value="-2"
      >
        Switch to metric units
      </option>
    </select>
  </span>
</DocumentFragment>
`;
