// Vitest Snapshot v1, https://vitest.dev/guide/snapshot.html

exports[`getSegmentSprites() > works 1`] = `
{
  "repeat": "ground--concrete",
  "scatter": {
    "maxSpacing": 1.5,
    "minSpacing": 0,
    "padding": 0.5,
    "pool": "people",
  },
}
`;
