// Vitest Snapshot v1, https://vitest.dev/guide/snapshot.html

exports[`PaletteContainer > renders 1`] = `
<DocumentFragment>
  <div
    class="palette-container-outer"
  >
    <div
      class="palette-container"
    >
      <div
        class="palette-commands palette-commands-left"
      >
        <button
          class="btn"
          type="button"
        >
          <svg
            data-icon="sun"
            data-icon-source="test"
          />
        </button>
      </div>
      <div
        class="palette-items-scrollable-container"
      >
        <button
          class="btn scrollable scroll-left"
          hidden="true"
          style="left: -15px; opacity: 0; pointer-events: none;"
          tabindex="-1"
          type="button"
        >
          <svg
            data-icon="chevron-left"
            data-icon-source="test"
          />
        </button>
        <div
          class="palette-items"
          style="overscroll-behavior-x: contain;"
        >
          <ul>
            <li
              class="palette-item"
            >
              <button>
                <img
                  class="palette-item-image"
                  draggable="false"
                />
              </button>
            </li>
            <li
              class="palette-item palette-item-disabled"
            >
              <button>
                <img
                  class="palette-item-image"
                  draggable="false"
                />
              </button>
              <svg
                data-icon="lock"
                data-icon-source="test"
              />
            </li>
          </ul>
        </div>
        <button
          class="btn scrollable scroll-right"
          hidden="true"
          style="right: -15px; opacity: 0; pointer-events: none;"
          tabindex="-1"
          type="button"
        >
          <svg
            data-icon="chevron-right"
            data-icon-source="test"
          />
        </button>
      </div>
      <div
        class="palette-commands palette-commands-right"
      >
        <button
          class="btn"
          data-testid="undo"
          disabled=""
          type="button"
        >
          <svg
            data-icon="undo"
            data-icon-source="test"
          />
        </button>
        <button
          class="btn"
          data-testid="redo"
          disabled=""
          type="button"
        >
          <svg
            data-icon="redo"
            data-icon-source="test"
          />
        </button>
      </div>
      <div
        class="palette-trashcan"
        hidden=""
      >
        Drag here to remove
      </div>
    </div>
  </div>
</DocumentFragment>
`;
