// Vitest Snapshot v1, https://vitest.dev/guide/snapshot.html

exports[`StreetMetaWidthContainer > renders 1`] = `
<DocumentFragment>
  <div
    class="street-meta-item street-width street-width-editable"
  >
    <button>
      <div
        class="street-meta-icon"
      >
        <svg />
      </div>
      <div
        class="street-meta-content"
      >
        <span
          class="underline"
        >
          0 m width
        </span>
        <svg
          class="menu-carat-down"
        />
      </div>
    </button>
  </div>
</DocumentFragment>
`;

exports[`StreetMetaWidthContainer > renders selection dropdown on click 1`] = `
<DocumentFragment>
  <div
    class="street-meta-width"
  >
    <select
      aria-describedby="tippy-3"
      class="street-width-select"
    >
      <option
        disabled=""
      >
        Occupied width:
      </option>
      <option
        disabled=""
      >
        0 m
      </option>
      <option
        disabled=""
      />
      <option
        disabled=""
      >
        Building-to-building width:
      </option>
      <option
        value="12"
      >
        12 m
      </option>
      <option
        value="18"
      >
        18 m
      </option>
      <option
        value="24"
      >
        24 m
      </option>
      <option
        disabled=""
      />
      <option
        value="0"
      >
        0 m
      </option>
      <option
        value="-1"
      >
        Different widthâ€¦
      </option>
      <option
        disabled=""
      />
      <option
        id="switch-to-imperial-units"
        value="-3"
      >
        Switch to imperial units (feet)
      </option>
      <option
        disabled=""
        id="switch-to-metric-units"
        value="-2"
      >
        Switch to metric units
      </option>
    </select>
  </div>
</DocumentFragment>
`;
