// Jest Snapshot v1, https://goo.gl/fbAQLP

exports[`ExternalLink renders an <a> element with element child 1`] = `
<DocumentFragment>
  <a
    href="https://example.com"
    rel="noopener noreferrer"
    target="_blank"
  >
    <div>
      foo
    </div>
  </a>
</DocumentFragment>
`;

exports[`ExternalLink renders an <a> element with mailto link 1`] = `
<DocumentFragment>
  <a
    href="mailto:hello@streetmix.net"
    rel="noopener noreferrer"
    target="_blank"
  >
    foo
  </a>
</DocumentFragment>
`;

exports[`ExternalLink renders an <a> element with string child 1`] = `
<DocumentFragment>
  <a
    href="https://example.com"
    rel="noopener noreferrer"
    target="_blank"
  >
    foo
  </a>
</DocumentFragment>
`;

exports[`ExternalLink renders element child without an <a> element in "offline" mode 1`] = `
<DocumentFragment>
  <div>
    foo
  </div>
</DocumentFragment>
`;

exports[`ExternalLink renders string child without an <a> element in "offline" mode 1`] = `
<DocumentFragment>
  foo
</DocumentFragment>
`;

exports[`ExternalLink should pass other props to <a> element 1`] = `
<DocumentFragment>
  <a
    class="bar"
    href="https://example.com"
    rel="noopener noreferrer"
    target="_blank"
    title="foobar"
  >
    foo
  </a>
</DocumentFragment>
`;
